
> portfolio@0.1.0 build
> react-scripts build

node:internal/modules/cjs/loader:1228
  throw err;
  ^

Error: Cannot find module 'D:\Portfolio-Website\node_modules\react-scripts\bin\react-scripts.js'
    at Function._resolveFilename (node:internal/modules/cjs/loader:1225:15)
    at Function._load (node:internal/modules/cjs/loader:1055:27)
    at TracingChannel.traceSync (node:diagnostics_channel:322:14)
    at wrapModuleLoad (node:internal/modules/cjs/loader:220:24)
    at Function.executeUserEntryPoint [as runMain] (node:internal/modules/run_main:170:5)
    at node:internal/main/run_main_module:36:49 {
  code: 'MODULE_NOT_FOUND',
  requireStack: []
}

Node.js v22.14.0

